// Jest Snapshot v1, https://goo.gl/fbAQLP

exports[`renders correctly 1`] = `
<div>
  <h3
    className="customer-content-title"
  >
    Order no. 123
  </h3>
  <div
    className="customer-order-accordion customer-order-accordion-open accordion"
  >
    <div
      className="card"
    >
      <button
        className="customer-order-accordion-toggle"
        onClick={[Function]}
        type="button"
      >
        <div>
          Order information
        </div>
      </button>
      <div
        aria-expanded={null}
        className="customer-order-accordion-collapse collapse show"
      >
        <div
          className="customer-order-accordion-content customer-order-general"
        >
          <div
            className="customer-order-general-block"
          >
            <div
              className="customer-order-font-description"
            >
              Order No.
            </div>
            <div
              className="customer-order-font-info"
            >
              123
            </div>
          </div>
          <div
            className="customer-order-general-block"
          >
            <div
              className="customer-order-font-description"
            >
              Status
            </div>
            <div
              className="customer-order-font-info"
            >
              status
            </div>
          </div>
          <div
            className="customer-order-general-block"
          >
            <div
              className="customer-order-font-description"
            >
              Invoice
            </div>
            <div
              className="customer-order-font-info"
            >
              <svg
                fill="none"
                height="24"
                viewBox="0 0 24 24"
                width="24"
                xmlns="http://www.w3.org/2000/svg"
              >
                <path
                  clipRule="evenodd"
                  d="M6 2H14L20 8V20C20 21.1 19.1 22 18 22H5.99C4.89 22 4 21.1 4 20L4.01 4C4.01 2.9 4.9 2 6 2ZM13 3.5V9H18.5L13 3.5ZM7.16406 15V17H6.01562V11.3125H7.95312C8.51562 11.3125 8.96354 11.487 9.29687 11.8359C9.63281 12.1849 9.80078 12.638 9.80078 13.1953C9.80078 13.7526 9.63541 14.1927 9.30469 14.5156C8.97396 14.8385 8.51562 15 7.92969 15H7.16406ZM7.16406 14.043H7.95312C8.17187 14.043 8.34114 13.9714 8.46094 13.8281C8.58073 13.6849 8.64062 13.4766 8.64062 13.2031C8.64062 12.9193 8.57943 12.694 8.45703 12.5273C8.33463 12.3581 8.17057 12.2721 7.96484 12.2695H7.16406V14.043ZM10.5703 17V11.3125H12.0742C12.7383 11.3125 13.2669 11.5234 13.6602 11.9453C14.056 12.3672 14.2578 12.9453 14.2656 13.6797V14.6016C14.2656 15.349 14.0677 15.9362 13.6719 16.3633C13.2786 16.7878 12.7357 17 12.043 17H10.5703ZM11.7187 12.2695V16.0469H12.0625C12.4453 16.0469 12.7148 15.9466 12.8711 15.7461C13.0273 15.543 13.1094 15.194 13.1172 14.6992V13.7109C13.1172 13.1797 13.043 12.8099 12.8945 12.6016C12.7461 12.3906 12.4935 12.2799 12.1367 12.2695H11.7187ZM16.2422 14.6797H18.0273V13.7266H16.2422V12.2695H18.2422V11.3125H15.0937V17H16.2422V14.6797Z"
                  fill="#F15642"
                  fillRule="evenodd"
                />
              </svg>
              123
              .pdf
            </div>
          </div>
          <div
            className="customer-order-general-block"
          >
            <div
              className="customer-order-font-description"
            >
              Date of order
            </div>
            <div
              className="customer-order-font-info"
            >
              2222-22-22
            </div>
          </div>
        </div>
      </div>
    </div>
  </div>
  <div
    className="customer-order-accordion  accordion"
  >
    <div
      className="card"
    >
      <button
        className="customer-order-accordion-toggle"
        onClick={[Function]}
        type="button"
      >
        <div>
          order:Goods (3)
        </div>
        <svg
          className="customer-order-accordion-chevron"
          fill="none"
          height="24"
          viewBox="0 0 24 24"
          width="24"
          xmlns="http://www.w3.org/2000/svg"
        >
          <path
            clipRule="evenodd"
            d="M9.99984 6L8.58984 7.41L13.1698 12L8.58984 16.59L9.99984 18L15.9998 12L9.99984 6Z"
            fill="#2E2E2E"
            fillRule="evenodd"
          />
        </svg>
      </button>
      <div
        aria-expanded={null}
        className="customer-order-accordion-collapse collapse"
      >
        <div
          className="customer-order-accordion-content customer-order-products"
        >
          <div
            className="customer-order-product"
          >
            <div
              className="customer-order-product-details-block"
            >
              <div>
                <h3
                  className="customer-order-product-title"
                >
                  Įtampos stabilizatorius 7805 TO220
                </h3>
                <table>
                  <tbody>
                    <tr>
                      <th>
                        product:Product code
                      </th>
                      <td>
                        23188
                      </td>
                    </tr>
                  </tbody>
                </table>
              </div>
            </div>
            <div
              className="customer-order-product-order-block"
            >
              <div
                className="customer-order-product-order-info"
              >
                <div
                  className="customer-order-product-description"
                >
                  product:Quantity
                </div>
                <div
                  className="customer-order-product-value"
                >
                  1
                </div>
              </div>
              <div
                className="customer-order-product-order-info"
              >
                <div
                  className="customer-order-product-description"
                >
                  product:Price with tax
                </div>
                <div
                  className="customer-order-product-value customer-order-product-price"
                >
                  <div />
                </div>
              </div>
            </div>
          </div>
          <div
            className="customer-order-product"
          >
            <div
              className="customer-order-product-details-block"
            >
              <div>
                <h3
                  className="customer-order-product-title"
                >
                  Įtampos stabilizatorius 7905 TO220
                </h3>
                <table>
                  <tbody>
                    <tr>
                      <th>
                        product:Product code
                      </th>
                      <td>
                        23187
                      </td>
                    </tr>
                  </tbody>
                </table>
              </div>
            </div>
            <div
              className="customer-order-product-order-block"
            >
              <div
                className="customer-order-product-order-info"
              >
                <div
                  className="customer-order-product-description"
                >
                  product:Quantity
                </div>
                <div
                  className="customer-order-product-value"
                >
                  1
                </div>
              </div>
              <div
                className="customer-order-product-order-info"
              >
                <div
                  className="customer-order-product-description"
                >
                  product:Price with tax
                </div>
                <div
                  className="customer-order-product-value customer-order-product-price"
                >
                  <div />
                </div>
              </div>
            </div>
          </div>
          <div
            className="customer-order-product"
          >
            <div
              className="customer-order-product-details-block"
            >
              <div>
                <h3
                  className="customer-order-product-title"
                >
                  Klijų lazdelės Ø11mm 30cm, balti
                </h3>
                <table>
                  <tbody>
                    <tr>
                      <th>
                        product:Product code
                      </th>
                      <td>
                        23161
                      </td>
                    </tr>
                  </tbody>
                </table>
              </div>
            </div>
            <div
              className="customer-order-product-order-block"
            >
              <div
                className="customer-order-product-order-info"
              >
                <div
                  className="customer-order-product-description"
                >
                  product:Quantity
                </div>
                <div
                  className="customer-order-product-value"
                >
                  1
                </div>
              </div>
              <div
                className="customer-order-product-order-info"
              >
                <div
                  className="customer-order-product-description"
                >
                  product:Price with tax
                </div>
                <div
                  className="customer-order-product-value customer-order-product-price"
                >
                  <div />
                </div>
              </div>
            </div>
          </div>
        </div>
      </div>
    </div>
  </div>
  <div
    className="customer-order-accordion  accordion"
  >
    <div
      className="card"
    >
      <button
        className="customer-order-accordion-toggle"
        onClick={[Function]}
        type="button"
      >
        <div>
          order:Delivery Information
        </div>
        <svg
          className="customer-order-accordion-chevron"
          fill="none"
          height="24"
          viewBox="0 0 24 24"
          width="24"
          xmlns="http://www.w3.org/2000/svg"
        >
          <path
            clipRule="evenodd"
            d="M9.99984 6L8.58984 7.41L13.1698 12L8.58984 16.59L9.99984 18L15.9998 12L9.99984 6Z"
            fill="#2E2E2E"
            fillRule="evenodd"
          />
        </svg>
      </button>
      <div
        aria-expanded={null}
        className="customer-order-accordion-collapse collapse"
      >
        <div
          className="customer-order-accordion-content customer-order-delivery"
        >
          <div
            className="customer-order-delivery-recipient"
          >
            <div
              className="customer-order-delivery-info-block"
            >
              <div
                className="customer-order-font-description"
              >
                customer:First Name, customer:Last Name
              </div>
              <div
                className="customer-order-font-info"
              >
                M K
              </div>
            </div>
            <div
              className="customer-order-delivery-info-block"
            >
              <div
                className="customer-order-font-description"
              >
                customer:Email
              </div>
              <div
                className="customer-order-font-info"
              >
                name@domain.com
              </div>
            </div>
            <div
              className="customer-order-delivery-info-block"
            >
              <div
                className="customer-order-font-description"
              >
                customer:Phone Number
              </div>
              <div
                className="customer-order-font-info"
              >
                +37061234567
              </div>
            </div>
          </div>
          <div>
            <div
              className="customer-order-delivery-location"
            >
              <div
                className="customer-order-delivery-info-block"
              >
                <div
                  className="customer-order-font-description"
                >
                  customer:Address
                </div>
                <div
                  className="customer-order-font-info"
                >
                  Address, City, 10001
                </div>
              </div>
              <div
                className="customer-order-delivery-info-block"
              >
                <div
                  className="customer-order-font-description"
                >
                  customer:Phone Number
                </div>
                <div
                  className="customer-order-font-info"
                >
                  comment
                </div>
              </div>
            </div>
          </div>
        </div>
      </div>
    </div>
  </div>
  <div
    className="customer-order-accordion  accordion"
  >
    <div
      className="card"
    >
      <button
        className="customer-order-accordion-toggle"
        onClick={[Function]}
        type="button"
      >
        <div>
          order:Payment Information
        </div>
        <svg
          className="customer-order-accordion-chevron"
          fill="none"
          height="24"
          viewBox="0 0 24 24"
          width="24"
          xmlns="http://www.w3.org/2000/svg"
        >
          <path
            clipRule="evenodd"
            d="M9.99984 6L8.58984 7.41L13.1698 12L8.58984 16.59L9.99984 18L15.9998 12L9.99984 6Z"
            fill="#2E2E2E"
            fillRule="evenodd"
          />
        </svg>
      </button>
      <div
        aria-expanded={null}
        className="customer-order-accordion-collapse collapse"
      >
        <div
          className="customer-order-accordion-content customer-order-payment"
        >
          <div
            className="customer-order-font-emphasised"
          >
            order:Electronic banking and other methods
          </div>
          <div
            className="customer-order-payment-customer"
          >
            <div
              className="customer-order-payment-info-block"
            >
              <div
                className="customer-order-font-description"
              >
                customer:First Name, customer:Last Name
              </div>
              <div
                className="customer-order-font-info"
              >
                M K
              </div>
            </div>
            <div
              className="customer-order-payment-info-block"
            >
              <div
                className="customer-order-font-description"
              >
                customer:Email
              </div>
              <div
                className="customer-order-font-info"
              >
                name@domain.com
              </div>
            </div>
            <div
              className="customer-order-payment-info-block"
            >
              <div
                className="customer-order-font-description"
              >
                customer:Phone Number
              </div>
              <div
                className="customer-order-font-info"
              >
                +37061234567
              </div>
            </div>
            <div
              className="customer-order-payment-info-block"
            >
              <div
                className="customer-order-font-description"
              >
                customer:Address
              </div>
              <div
                className="customer-order-font-info"
              >
                Address, City, 10001
              </div>
            </div>
          </div>
        </div>
      </div>
    </div>
  </div>
  <div
    className="customer-order-totals"
  >
    <div
      className="customer-order-totals-container"
    >
      <h4
        className="customer-order-totals-title"
      >
        Order information
      </h4>
      <div
        className="customer-order-totals-info"
      >
        <span>
          Intermediate
        </span>
        <span>
          <div />
        </span>
      </div>
      <div
        className="customer-order-totals-info"
      >
        <span>
          TAX
        </span>
        <span>
          <div />
        </span>
      </div>
      <div
        className="customer-order-totals-info customer-order-totals-info-last"
      >
        <span>
          Delivery
        </span>
        <span>
          <div />
        </span>
      </div>
      <div
        className="customer-order-totals-grand"
      >
        <span>
          Pay total
        </span>
        <span>
          <div />
        </span>
      </div>
    </div>
  </div>
</div>
`;
