// Jest Snapshot v1, https://goo.gl/fbAQLP

exports[`Renders correctly 1`] = `
<header
  className="header"
>
  <div
    className="header-top"
  >
    <div
      className="container"
    >
      <div
        className="header-left header-dropdowns"
      >
        <div
          className="header-dropdown"
        >
          <div>
            English
          </div>
          <div
            className="header-menu"
          >
            <ul>
              <li>
                <a
                  href="#"
                  onClick={[Function]}
                >
                  <img
                    alt="lt_LT"
                    src="test-file-stub"
                  />
                  Lithuanian
                </a>
              </li>
              <li>
                <a
                  href="#"
                  onClick={[Function]}
                >
                  <img
                    alt="en_US"
                    src="test-file-stub"
                  />
                  English
                </a>
              </li>
              <li>
                <a
                  href="#"
                  onClick={[Function]}
                >
                  <img
                    alt="ru_RU"
                    src="test-file-stub"
                  />
                  Russian
                </a>
              </li>
              <li>
                <a
                  href="#"
                  onClick={[Function]}
                >
                  <img
                    alt="lv_LV"
                    src="test-file-stub"
                  />
                  Latvia
                </a>
              </li>
              <li>
                <a
                  href="#"
                  onClick={[Function]}
                >
                  <img
                    alt="en_US"
                    src="test-file-stub"
                  />
                  English
                </a>
              </li>
              <li>
                <a
                  href="#"
                  onClick={[Function]}
                >
                  <img
                    alt="ru_RU"
                    src="test-file-stub"
                  />
                  Russian
                </a>
              </li>
              <li>
                <a
                  href="#"
                  onClick={[Function]}
                >
                  <img
                    alt="et_EE"
                    src="test-file-stub"
                  />
                  Estonians
                </a>
              </li>
              <li>
                <a
                  href="#"
                  onClick={[Function]}
                >
                  <img
                    alt="en_US"
                    src="test-file-stub"
                  />
                  English
                </a>
              </li>
              <li>
                <a
                  href="#"
                  onClick={[Function]}
                >
                  <img
                    alt="ru_RU"
                    src="test-file-stub"
                  />
                  Russian
                </a>
              </li>
            </ul>
          </div>
        </div>
        <div
          className="dropdown compare-dropdown active"
        >
          <div
            aria-expanded="false"
            aria-haspopup="true"
            className="dropdown-toggle"
            data-display="static"
            data-toggle="dropdown"
            role="button"
          >
            <i
              className="icon-retweet"
            />
            Compare (1)
          </div>
          <div
            className="dropdown-menu"
          >
            <div
              className="dropdownmenu-wrapper"
            >
              <ul
                className="compare-products"
              >
                <li
                  className="product"
                >
                  <button
                    className="btn-remove btn-link border-0 btn btn-primary"
                    disabled={false}
                    onClick={[Function]}
                    style={
                      Object {
                        "background": "none",
                      }
                    }
                    title="Remove Product"
                    type="button"
                  >
                    <i
                      className="icon-cancel"
                    />
                  </button>
                  <h4
                    className="product-title"
                  >
                    <a
                      href="/product.html"
                      onClick={[Function]}
                    >
                      test product name
                    </a>
                  </h4>
                </li>
              </ul>
              <div
                className="compare-actions"
              >
                <button
                  className="action-link"
                  onClick={[Function]}
                >
                  Clear All
                </button>
                <a
                  className="btn btn-primary"
                  href="/catalog/product_compare/index"
                  onClick={[Function]}
                >
                  Compare
                </a>
              </div>
            </div>
          </div>
        </div>
      </div>
      <div
        className="header-right"
      >
        <p
          className="welcome-msg"
        >
          Mock welcome message
           
        </p>
        <div
          className="header-dropdown dropdown-expanded"
        >
          <div
            className="links-button"
          >
            Links
          </div>
          <div
            className="header-menu"
          >
            <ul>
              <li>
                <a
                  href="/contactus"
                  onClick={[Function]}
                >
                  Contact
                </a>
              </li>
              <li>
                <a
                  href="/customer/login"
                  onClick={[Function]}
                >
                  Login
                </a>
              </li>
            </ul>
          </div>
        </div>
      </div>
    </div>
  </div>
  <div
    className="header-middle"
  >
    <div
      className="container"
    >
      <div
        className="header-left"
      >
        <a
          className="logo"
          href="/"
          onClick={[Function]}
        >
          <div
            className="undefined undefined"
          >
            <img
              alt="test"
              className="undefined undefined"
              height={100}
              loading="eager"
              src="data:image/png;base64,iVBORw0KGgoAAAANSUhEUgAAAAQAAAAFCAQAAADIpIVQAAAADklEQVR42mNkgAJGIhgAALQABsHyMOcAAAAASUVORK5CYII="
              style={
                Object {
                  "height": "100px",
                  "width": "100px",
                }
              }
              title="test"
              width={100}
            />
            <img
              alt="test"
              className="undefined undefined"
              height={100}
              loading="lazy"
              onError={[Function]}
              onLoad={[Function]}
              src="test"
              style={
                Object {
                  "height": "100px",
                  "width": "100px",
                }
              }
              title="test"
              width={100}
            />
          </div>
        </a>
      </div>
      <div
        className="header-center"
      >
        <div>
          Loading...
        </div>
      </div>
      <div
        className="header-right"
      >
        <button
          className="mobile-menu-toggler"
          onClick={[Function]}
          type="button"
        >
          <i
            className="icon-menu"
          />
        </button>
        <div
          className="header-contact"
        >
          <span>
            Call us now
          </span>
          <a
            href="tel:+000 1584 2578"
          >
            <strong>
              +000 1584 2578
            </strong>
          </a>
        </div>
        <div
          className="dropdown cart-dropdown"
          onKeyPress={[Function]}
          onMouseEnter={[Function]}
          role="button"
          tabIndex={0}
        >
          <a
            aria-expanded="false"
            aria-haspopup="true"
            className="dropdown-toggle "
            data-display="static"
            data-toggle="dropdown"
            href="/cart"
            onClick={[Function]}
            role="button"
          >
            <span
              className="cart-count"
            >
              1
            </span>
          </a>
          <div
            className="dropdown-menu show"
          >
            <div
              className="dropdownmenu-wrapper"
            >
              <div
                className="dropdown-cart-header"
              >
                <span>
                  1
                   
                  Items
                </span>
                <a
                  href="/cart"
                  onClick={[Function]}
                >
                  View Cart
                </a>
              </div>
              <div
                className="dropdown-cart-products"
              >
                <div
                  className="product"
                >
                  <div
                    className="product-details"
                  >
                    <h4
                      className="product-title"
                    >
                      <a
                        href="/product.html"
                        onClick={[Function]}
                      >
                        testName
                      </a>
                    </h4>
                    <span
                      className="cart-product-info"
                    >
                      <span
                        className="cart-product-qty"
                      >
                        20
                      </span>
                      x 
                      <span>
                        €
                      </span>
                      <span>
                        10
                      </span>
                      <span>
                        .
                      </span>
                      <span>
                        00
                      </span>
                    </span>
                  </div>
                  <figure
                    className="product-image-container"
                  >
                    <a
                      className="product-image"
                      href="/product.html"
                      onClick={[Function]}
                    >
                      <div
                        className="undefined undefined"
                      >
                        <img
                          alt="testName"
                          className="undefined undefined"
                          height={67}
                          loading="eager"
                          src="data:image/png;base64,iVBORw0KGgoAAAANSUhEUgAAAAQAAAAFCAQAAADIpIVQAAAADklEQVR42mNkgAJGIhgAALQABsHyMOcAAAAASUVORK5CYII="
                          style={
                            Object {
                              "height": "67px",
                              "width": "80px",
                            }
                          }
                          width={80}
                        />
                        <img
                          alt="testName"
                          className="undefined undefined"
                          height={67}
                          loading="lazy"
                          onError={[Function]}
                          onLoad={[Function]}
                          src="1bb5596fe10909d977e0c8185b18ce46/m/b/mb04-black-0.jpg"
                          style={
                            Object {
                              "height": "67px",
                              "width": "80px",
                            }
                          }
                          width={80}
                        />
                      </div>
                    </a>
                    <button
                      className="btn-remove btn btn-link"
                      onClick={[Function]}
                      title="Remove Product"
                    >
                      <i
                        className="icon-cancel"
                      />
                    </button>
                  </figure>
                </div>
              </div>
              <div
                className="dropdown-cart-total"
              >
                <span>
                  Total
                </span>
                <span
                  className="cart-total-price"
                >
                  <span>
                    €
                  </span>
                  <span>
                    999
                  </span>
                  <span>
                    .
                  </span>
                  <span>
                    00
                  </span>
                </span>
              </div>
              <div
                className="dropdown-cart-action"
              >
                <a
                  className="btn btn-block"
                  href="/checkout"
                  onClick={[Function]}
                >
                  Checkout
                </a>
              </div>
            </div>
          </div>
        </div>
      </div>
    </div>
  </div>
  <div
    className="sticky-wrapper"
  >
    <div
      className="header-bottom sticky-header"
    >
      <div
        className="container"
      >
        <a
          className="logo"
          href="/"
          onClick={[Function]}
        >
          <div
            className="undefined undefined"
          >
            <img
              alt="test"
              className="undefined undefined"
              height={100}
              loading="eager"
              src="data:image/png;base64,iVBORw0KGgoAAAANSUhEUgAAAAQAAAAFCAQAAADIpIVQAAAADklEQVR42mNkgAJGIhgAALQABsHyMOcAAAAASUVORK5CYII="
              style={
                Object {
                  "height": "100px",
                  "width": "100px",
                }
              }
              title="test"
              width={100}
            />
            <img
              alt="test"
              className="undefined undefined"
              height={100}
              loading="lazy"
              onError={[Function]}
              onLoad={[Function]}
              src="test"
              style={
                Object {
                  "height": "100px",
                  "width": "100px",
                }
              }
              title="test"
              width={100}
            />
          </div>
        </a>
        <div
          className="dropdown cart-dropdown"
        >
          <a
            aria-expanded="false"
            aria-haspopup="true"
            className="dropdown-toggle"
            data-display="static"
            data-toggle="dropdown"
            href="/"
            role="button"
          >
            <span
              className="cart-count"
            >
              2
            </span>
          </a>
          <div
            className="dropdown-menu"
          >
            <div
              className="dropdownmenu-wrapper"
            >
              <div
                className="dropdown-cart-header"
              >
                <span>
                  2 Items
                </span>
                <a
                  href="cart.html"
                >
                  View Cart
                </a>
              </div>
              <div
                className="dropdown-cart-products"
              >
                <div
                  className="product"
                >
                  <div
                    className="product-details"
                  >
                    <h4
                      className="product-title"
                    >
                      <a
                        href="product.html"
                      >
                        Woman Ring
                      </a>
                    </h4>
                    <span
                      className="cart-product-info"
                    >
                      <span
                        className="cart-product-qty"
                      >
                        1
                      </span>
                      x $99.00
                    </span>
                  </div>
                  <figure
                    className="product-image-container"
                  >
                    <a
                      className="product-image"
                      href="product.html"
                    >
                      <img
                        alt="product"
                        src="src/lib/assets/images/products/cart/product-1.jpg"
                      />
                    </a>
                    <a
                      className="btn-remove"
                      href="/"
                      title="Remove Product"
                    >
                      <i
                        className="icon-cancel"
                      />
                    </a>
                  </figure>
                </div>
                <div
                  className="product"
                >
                  <div
                    className="product-details"
                  >
                    <h4
                      className="product-title"
                    >
                      <a
                        href="product.html"
                      >
                        Woman Necklace
                      </a>
                    </h4>
                    <span
                      className="cart-product-info"
                    >
                      <span
                        className="cart-product-qty"
                      >
                        1
                      </span>
                      x $35.00
                    </span>
                  </div>
                  <figure
                    className="product-image-container"
                  >
                    <a
                      className="product-image"
                      href="product.html"
                    >
                      <img
                        alt="product"
                        src="src/lib/assets/images/products/cart/product-2.jpg"
                      />
                    </a>
                    <a
                      className="btn-remove"
                      href="/"
                      title="Remove Product"
                    >
                      <i
                        className="icon-cancel"
                      />
                    </a>
                  </figure>
                </div>
              </div>
              <div
                className="dropdown-cart-total"
              >
                <span>
                  Total
                </span>
                <span
                  className="cart-total-price"
                >
                  $134.00
                </span>
              </div>
              <div
                className="dropdown-cart-action"
              >
                <a
                  className="btn btn-block"
                  href="checkout-shipping.html"
                >
                  Checkout
                </a>
              </div>
            </div>
          </div>
        </div>
        <nav
          className="main-nav"
        >
          <nav
            className="main-nav"
          >
            <ul
              className="menu sf-arrows sf-js-enabled"
              style={
                Object {
                  "touchAction": "pan-y",
                }
              }
            >
              <li
                className="megamenu-container "
                onMouseEnter={[Function]}
                onMouseLeave={[Function]}
              >
                <a
                  className="sf-with-ul"
                  href="/mockurl.html"
                  onClick={[Function]}
                >
                  Mock name
                </a>
                <div
                  className="megamenu col"
                  style={
                    Object {
                      "display": "none",
                    }
                  }
                >
                  <div
                    className="row row"
                  >
                    <div
                      className="col-lg-8"
                    >
                      <div
                        className="row"
                      >
                        <div
                          className="col-lg-4"
                        >
                          <div
                            className="menu-title"
                          >
                            <a
                              href="/urlpath/path.html"
                              onClick={[Function]}
                            >
                              Mock second name - 1
                            </a>
                          </div>
                          <ul>
                            <li>
                              <a
                                href="/urlpath/path.html"
                                onClick={[Function]}
                              >
                                Mock third name - 1
                              </a>
                            </li>
                            <li>
                              <a
                                href="/urlpath/path.html"
                                onClick={[Function]}
                              >
                                Mock third name - 2
                              </a>
                            </li>
                          </ul>
                        </div>
                        <div
                          className="col-lg-4"
                        >
                          <div
                            className="menu-title"
                          >
                            <a
                              href="/urlpath/path.html"
                              onClick={[Function]}
                            >
                              Mock second name - 1
                            </a>
                          </div>
                          <ul />
                        </div>
                      </div>
                    </div>
                  </div>
                </div>
              </li>
            </ul>
          </nav>
        </nav>
      </div>
    </div>
  </div>
</header>
`;
