// Jest Snapshot v1, https://goo.gl/fbAQLP

exports[`Contact page renders correctly 1`] = `
<div
  className="page-main"
>
  <div
    className="page-title-wrapper"
  >
    <div
      className="container"
    >
      <div>
        <iframe
          allowFullScreen={true}
          aria-hidden="false"
          className="map"
          height="460px"
          src="https://www.google.com/maps/embed?pb=!1m18!1m12!1m3!1d2293.6635289715405!2d23.928058015897946!3d54.908827680336074!2m3!1f0!2f0!3f0!3m2!1i1024!2i768!4f13.1!3m3!1m2!1s0x46e7188ef2c43c73%3A0xb87004cff71657cb!2sAdeo%20Web%20UAB!5e0!3m2!1sen!2slt!4v1590131925117!5m2!1sen!2slt"
          title="contact-map"
          width="100%"
        />
      </div>
      <div
        className="mb-4"
      />
      <div
        className="row"
      >
        <div
          className="col-md-8"
        >
          <h2
            className="light-title"
          >
            <strong>
              common:Contact Us
            </strong>
          </h2>
          <form
            className=""
            noValidate={true}
            onSubmit={[Function]}
          >
            <div
              className="required-field form-group"
            >
              <label
                className="form-label"
              >
                customer:Name
              </label>
              <input
                className="form-control"
                name="name"
                onChange={[Function]}
                required={true}
                type="text"
                value="mock-name"
              />
              <div
                className="invalid-feedback"
              />
            </div>
            <div
              className="required-field form-group"
            >
              <label
                className="form-label"
              >
                customer:Email
              </label>
              <input
                className="form-control"
                name="email"
                onChange={[Function]}
                required={true}
                type="email"
                value="mock-email"
              />
              <div
                className="invalid-feedback"
              />
            </div>
            <div
              className="form-group"
            >
              <label
                className="form-label"
              >
                customer:Phone Number
              </label>
              <input
                className="form-control"
                name="phone"
                onChange={[Function]}
                type="text"
                value="mock-phone"
              />
              <div
                className="invalid-feedback"
              />
            </div>
            <div
              className="required-field form-group"
            >
              <label
                className="form-label"
              >
                customer:Whatâ€™s on your mind?
              </label>
              <textarea
                className="form-control"
                cols={30}
                name="message"
                onChange={[Function]}
                required={true}
                rows={1}
                value="mock-message"
              />
              <div
                className="invalid-feedback"
              />
            </div>
            <button
              className="btn btn-primary"
              disabled={false}
              type="submit"
            >
              common:Submit
            </button>
          </form>
        </div>
        <div
          className="col-md-4"
        >
          <h2
            className="light-title"
          >
            <strong>
              Contact Details
            </strong>
          </h2>
          <section
            className="contactInfo"
          >
            <article>
              <a
                className="contactLine"
                href="tel:+37067647849"
              >
                +370 676 47 849
              </a>
              <a
                className="contactLine"
                href="tel:+13122248950"
              >
                +1.312.224.8950
              </a>
              <a
                className="contactLine"
                href="tel:+460709946900"
              >
                +46 (0) 709 946900
              </a>
            </article>
            <article>
              <a
                className="contactLine"
                href="mailto:info@adeoweb.biz"
              >
                info@adeoweb.biz
              </a>
              <a
                className="contactLine"
                href="mailto:sales@adeoweb.biz"
              >
                sales@adeoweb.biz
              </a>
              <a
                className="contactLine"
                href="mailto:info@adeoweb.se"
              >
                info@adeoweb.se
              </a>
            </article>
          </section>
        </div>
      </div>
    </div>
  </div>
</div>
`;
