// Jest Snapshot v1, https://goo.gl/fbAQLP

exports[`Footer component renders correctly 1`] = `
<div
  className="page-main"
>
  <div
    className="page-title-wrapper"
  >
    <h1
      className="page-title"
    >
      <span
        className="base"
      >
        Compare Products
      </span>
    </h1>
  </div>
  <div
    className="columns"
  >
    <div
      className="column main"
    >
      <div
        className="table-wrapper comparison"
      >
        <table
          className="data table table-comparison scroll"
        >
          <caption
            className="table-caption"
          >
            Compare Products
          </caption>
          <tbody>
            <tr>
              <th
                className="cell label product"
                scope="row"
                style={
                  Object {
                    "width": "50%",
                  }
                }
              >
                <span>
                  product
                </span>
              </th>
              <td
                className="cell product info"
                data-th="Product"
                style={
                  Object {
                    "width": "50%",
                  }
                }
              >
                <button
                  className="btn-remove btn btn-link"
                  onClick={[Function]}
                  title="Remove Product"
                >
                  <i
                    className="icon-cancel"
                  />
                </button>
                <figure
                  className="product-item-photo"
                >
                  <a
                    href="/urlKey.html"
                    onClick={[Function]}
                  >
                    <div
                      className="undefined undefined"
                    >
                      <img
                        alt="small image label"
                        className="undefined undefined"
                        loading="eager"
                        src="data:image/png;base64,iVBORw0KGgoAAAANSUhEUgAAAAQAAAAFCAQAAADIpIVQAAAADklEQVR42mNkgAJGIhgAALQABsHyMOcAAAAASUVORK5CYII="
                        style={
                          Object {
                            "height": "auto",
                            "width": "100%",
                          }
                        }
                      />
                      <img
                        alt="small image label"
                        className="undefined undefined"
                        loading="lazy"
                        onError={[Function]}
                        onLoad={[Function]}
                        src="smallImagetUrl"
                        style={
                          Object {
                            "height": "auto",
                            "width": "100%",
                          }
                        }
                      />
                    </div>
                  </a>
                </figure>
                <h2
                  className="product-item-name"
                >
                  <a
                    href="/urlKey.html"
                    onClick={[Function]}
                    title="product name"
                  >
                    product name
                  </a>
                </h2>
                <div
                  className="price-box"
                >
                  <span
                    className="product-price"
                  >
                    <div />
                  </span>
                </div>
                <div
                  className="product-item-actions"
                >
                  <button
                    className="btn-icon btn-add-cart"
                    disabled={false}
                    onClick={[Function]}
                  >
                    <div
                      className="add-to-cart-content"
                    >
                      <svg
                        fill="none"
                        height="24"
                        viewBox="0 0 24 24"
                        width="24"
                        xmlns="http://www.w3.org/2000/svg"
                      >
                        <path
                          d="M16.667 7.99954V6.03288C16.667 5.42004 16.5463 4.81321 16.3118 4.24702C16.0772 3.68084 15.7335 3.16639 15.3002 2.73305C14.8668 2.29971 14.3524 1.95596 13.7862 1.72144C13.22 1.48692 12.6132 1.36621 12.0003 1.36621C11.3875 1.36621 10.7807 1.48692 10.2145 1.72144C9.64828 1.95596 9.13383 2.29971 8.70049 2.73305C8.26715 3.16639 7.92341 3.68084 7.68889 4.24702C7.45437 4.81321 7.33366 5.42004 7.33366 6.03288V10.6995C7.33366 10.8764 7.4039 11.0459 7.52892 11.1709C7.65395 11.296 7.82351 11.3662 8.00033 11.3662C8.17714 11.3662 8.34671 11.296 8.47173 11.1709C8.59675 11.0459 8.66699 10.8764 8.66699 10.6995V9.33288H14.0003V7.99954H8.66699V6.03288C8.66699 5.14882 9.01818 4.30098 9.6433 3.67586C10.2684 3.05073 11.1163 2.69954 12.0003 2.69954C12.8844 2.69954 13.7322 3.05073 14.3573 3.67586C14.9825 4.30098 15.3337 5.14882 15.3337 6.03288V10.6662C15.3337 10.843 15.4039 11.0126 15.5289 11.1376C15.6539 11.2626 15.8235 11.3329 16.0003 11.3329C16.1771 11.3329 16.3467 11.2626 16.4717 11.1376C16.5968 11.0126 16.667 10.843 16.667 10.6662V9.33288H20.0003V21.3329H4.00033V9.33288H6.00033V7.99954H2.66699V21.3929C2.66699 21.7306 2.80115 22.0545 3.03994 22.2933C3.27874 22.5321 3.60262 22.6662 3.94033 22.6662H20.0603C20.398 22.6662 20.7219 22.5321 20.9607 22.2933C21.1995 22.0545 21.3337 21.7306 21.3337 21.3929V7.99954H16.667Z"
                          fill="#21293C"
                        />
                      </svg>
                      Add to cart
                    </div>
                  </button>
                  <button
                    className="btn-icon-wish"
                    onClick={[Function]}
                    title="Add to Wishlist"
                  >
                    <i
                      className="icon-heart"
                    />
                  </button>
                </div>
              </td>
            </tr>
          </tbody>
          <tbody>
            <tr>
              <th
                className="cell label"
                scope="row"
              >
                <span
                  className="attribute label"
                >
                  SKU
                </span>
              </th>
              <td
                className="cell product attribute"
              >
                <div
                  className="attribute value"
                >
                  sku-123
                </div>
              </td>
            </tr>
            <tr>
              <th
                className="cell label"
                scope="row"
              >
                <span
                  className="attribute label"
                >
                  Description
                </span>
              </th>
              <td
                className="cell product attribute"
              >
                <div
                  className="attribute value"
                >
                  
                </div>
              </td>
            </tr>
            <tr>
              <th
                className="cell label"
                scope="row"
              >
                <span
                  className="attribute label"
                >
                  Short Description
                </span>
              </th>
              <td
                className="cell product attribute"
              >
                <div
                  className="attribute value"
                >
                  <div
                    dangerouslySetInnerHTML={
                      Object {
                        "__html": "product description",
                      }
                    }
                    onClick={[Function]}
                  />
                </div>
              </td>
            </tr>
          </tbody>
        </table>
      </div>
    </div>
  </div>
</div>
`;
