// Jest Snapshot v1, https://goo.gl/fbAQLP

exports[`renders correctly when visible 1`] = `null`;
