// Jest Snapshot v1, https://goo.gl/fbAQLP

exports[`renders a placeholder item while awaiting item 1`] = `
<div
  className="root_pending"
>
  <div
    className="images_pending"
  >
    <div
      className="imageContainer undefined"
    >
      <img
        alt="Placeholder for gallery item image"
        className="image_pending undefined"
        loading="eager"
        src="data:image/svg+xml;base64,PHN2ZyB4bWxucz0naHR0cDovL3d3dy53My5vcmcvMjAwMC9zdmcnIHdpZHRoPSc0JyBoZWlnaHQ9JzUnPjxyZWN0IHdpZHRoPSc0JyBoZWlnaHQ9JzUnIHN0eWxlPSdmaWxsOiBub25lJyAvPjwvc3ZnPg=="
        style={
          Object {
            "height": "auto",
            "width": "100%",
          }
        }
        width={100}
      />
      <img
        alt="Placeholder for gallery item image"
        className="image_pending undefined"
        loading="lazy"
        onError={[MockFunction]}
        onLoad={[MockFunction]}
        src="data:image/svg+xml;base64,PHN2ZyB4bWxucz0naHR0cDovL3d3dy53My5vcmcvMjAwMC9zdmcnIHdpZHRoPSc0JyBoZWlnaHQ9JzUnPjxyZWN0IHdpZHRoPSc0JyBoZWlnaHQ9JzUnIHN0eWxlPSdmaWxsOiBub25lJyAvPjwvc3ZnPg=="
        style={
          Object {
            "height": "auto",
            "width": "100%",
          }
        }
      />
    </div>
  </div>
  <div
    className="name_pending"
  />
  <div
    className="price_pending"
  />
</div>
`;

exports[`renders correctly with valid item data 1`] = `
<div
  className="root"
>
  <a
    className="images"
    href="/strive-shoulder-pack"
    onClick={[Function]}
  >
    <div
      className="imageContainer undefined"
    >
      <img
        alt="Test Product"
        className="image undefined"
        height={375}
        loading="eager"
        src="data:image/svg+xml;base64,PHN2ZyB4bWxucz0naHR0cDovL3d3dy53My5vcmcvMjAwMC9zdmcnIHdpZHRoPSc0JyBoZWlnaHQ9JzUnPjxyZWN0IHdpZHRoPSc0JyBoZWlnaHQ9JzUnIHN0eWxlPSdmaWxsOiBub25lJyAvPjwvc3ZnPg=="
        style={
          Object {
            "height": "375px",
            "width": "100%",
          }
        }
        width={100}
      />
      <img
        alt="Test Product"
        className="image undefined"
        height={375}
        loading="lazy"
        onError={[MockFunction]}
        onLoad={[MockFunction]}
        sizes="(max-width: 640px) 300px, 840px"
        src="/media/catalog/product/foo/bar/pic.png?auto=webp&format=pjpg&width=100&height=375&fit=cover"
        srcSet="/media/catalog/product/foo/bar/pic.png?auto=webp&format=pjpg&width=40&height=50&fit=cover 40w,
/media/catalog/product/foo/bar/pic.png?auto=webp&format=pjpg&width=80&height=100&fit=cover 80w,
/media/catalog/product/foo/bar/pic.png?auto=webp&format=pjpg&width=160&height=200&fit=cover 160w,
/media/catalog/product/foo/bar/pic.png?auto=webp&format=pjpg&width=320&height=400&fit=cover 320w,
/media/catalog/product/foo/bar/pic.png?auto=webp&format=pjpg&width=640&height=800&fit=cover 640w,
/media/catalog/product/foo/bar/pic.png?auto=webp&format=pjpg&width=960&height=1200&fit=cover 960w,
/media/catalog/product/foo/bar/pic.png?auto=webp&format=pjpg&width=1280&height=1600&fit=cover 1280w,
/media/catalog/product/foo/bar/pic.png?auto=webp&format=pjpg&width=1600&height=2000&fit=cover 1600w,
/media/catalog/product/foo/bar/pic.png?auto=webp&format=pjpg&width=2560&height=3200&fit=cover 2560w"
        style={
          Object {
            "height": "375px",
            "width": "100%",
          }
        }
        width={100}
      />
    </div>
  </a>
  <a
    className="name"
    href="/strive-shoulder-pack"
    onClick={[Function]}
  >
    <span>
      Test Product
    </span>
  </a>
  <div
    className="price"
  >
    <div />
  </div>
</div>
`;
