// Jest Snapshot v1, https://goo.gl/fbAQLP

exports[`Footer component renders correctly 1`] = `
<footer
  className="footer"
>
  <div
    className="footer-middle"
  >
    <div
      className="container"
    >
      <div
        className="row"
      >
        <div
          className="col-lg-2 col-md-6"
        >
          <div
            className="widget"
          >
            <h4
              className="widget-title"
            >
              My Account
            </h4>
            <ul
              className="links"
            >
              <li>
                <a
                  className="login-link"
                  href="/customer/login"
                  onClick={[Function]}
                >
                  Login
                </a>
              </li>
            </ul>
          </div>
        </div>
        <div
          className="col-lg-3 col-md-6"
        >
          <div>
            <div />
          </div>
        </div>
        <div
          className="col-lg-5 col-md-6"
        >
          <div
            className="widget widget-newsletter"
          >
            <h4
              className="widget-title"
            >
              Subscribe newsletter
            </h4>
            <p>
              Get all the latest information on Events, Sales and Offers. Sign up for newsletter today.
            </p>
            <form
              className=""
              noValidate={true}
              onSubmit={[Function]}
            >
              <input
                className="form-control"
                name="email"
                onChange={[Function]}
                placeholder="Email address"
                type="text"
                value=""
              />
              <div
                className="invalid-feedback"
              />
              <button
                className="btn btn-primary"
                disabled={false}
                type="submit"
              >
                Subscribe
                <i
                  className="icon-angle-right"
                />
              </button>
            </form>
          </div>
        </div>
        <div
          className="col-lg-4 col-md-6"
        >
          <div
            className="widget"
          >
            <ul
              className="contact-info"
            >
              <li>
                <span
                  className="contact-info-label"
                >
                  Address
                  :
                </span>
                Mocked store address
              </li>
              <li>
                <span
                  className="contact-info-label"
                >
                  Phone
                  :
                </span>
                Toll Free
                 
                <a
                  href="tel:"
                >
                  Mocked store phone
                </a>
              </li>
              <li>
                <span
                  className="contact-info-label"
                >
                  Email
                  :
                </span>
                 
                <a
                  href="mailto:mail@example.com"
                >
                  Mocked store email
                </a>
              </li>
              <li>
                <span
                  className="contact-info-label"
                >
                  Working Days/Hours
                  :
                </span>
                Mocked store workingHours
              </li>
            </ul>
          </div>
        </div>
      </div>
    </div>
  </div>
  <div
    className="container"
  >
    <div
      className="footer-bottom"
    >
      <p
        className="footer-copyright"
      >
        Mocked Copyright Text
      </p>
      <a
        className="footer-adeoweb-signature"
        href="https://www.adeoweb.biz"
        rel="noopener"
        target="_blank"
      >
        <img
          alt="AdeoWeb"
          src="test-file-stub"
        />
        <span>
          ecommerce solutions
        </span>
      </a>
    </div>
  </div>
</footer>
`;
