// Jest Snapshot v1, https://goo.gl/fbAQLP

exports[`renders the Carousel component correctly 1`] = `
Array [
  <div
    className="product-slider-container product-item"
  >
    <div
      className="product-item"
    >
      <div
        className="undefined undefined"
      >
        <img
          alt="disabled-thumbnail"
          className="undefined undefined"
          loading="eager"
          src="data:image/png;base64,iVBORw0KGgoAAAANSUhEUgAAAAQAAAAFCAQAAADIpIVQAAAADklEQVR42mNkgAJGIhgAALQABsHyMOcAAAAASUVORK5CYII="
          style={
            Object {
              "height": "auto",
              "width": "100%",
            }
          }
        />
        <figure
          className="iiz  innerImageZoom"
          onClick={[Function]}
          onMouseEnter={[Function]}
          onMouseLeave={[Function]}
          onMouseMove={null}
          onTouchStart={[Function]}
          style={
            Object {
              "width": undefined,
            }
          }
        >
          <div
            style={
              Object {
                "paddingTop": null,
              }
            }
          >
            <img
              alt="disabled-thumbnail"
              className="iiz__img  "
              src="thumbnail.png"
              style={
                Object {
                  "transition": "linear 0ms opacity 0ms, linear 150ms visibility 0ms",
                }
              }
            />
          </div>
          <span
            className="iiz__btn iiz__hint"
          />
        </figure>
      </div>
    </div>
    <div
      className="carousel-nav"
    >
      <button
        className="carousel-prev"
        onClick={[Function]}
        type="button"
      >
        <i
          className="icon-angle-left"
        />
      </button>
      <button
        className="carousel-next"
        onClick={[Function]}
        type="button"
      >
        <i
          className="icon-angle-right"
        />
      </button>
    </div>
  </div>,
  <div
    className="prod-thumbnail row"
  >
    <div
      className="col-3"
    >
      <button
        className="active"
        onClick={[Function]}
      >
        <div
          className="undefined undefined"
        >
          <img
            alt="disabled-thumbnail"
            className="undefined undefined"
            loading="eager"
            src="data:image/png;base64,iVBORw0KGgoAAAANSUhEUgAAAAQAAAAFCAQAAADIpIVQAAAADklEQVR42mNkgAJGIhgAALQABsHyMOcAAAAASUVORK5CYII="
            style={
              Object {
                "height": "auto",
                "width": "100%",
              }
            }
          />
          <img
            alt="disabled-thumbnail"
            className="undefined undefined"
            loading="lazy"
            onError={[Function]}
            onLoad={[Function]}
            sizes=""
            src="/media/catalog/product/thumbnail.png?auto=webp&format=pjpg&fit=cover"
            srcSet="/media/catalog/product/thumbnail.png?auto=webp&format=pjpg&width=40&height=50&fit=cover 40w,
/media/catalog/product/thumbnail.png?auto=webp&format=pjpg&width=80&height=100&fit=cover 80w,
/media/catalog/product/thumbnail.png?auto=webp&format=pjpg&width=160&height=200&fit=cover 160w,
/media/catalog/product/thumbnail.png?auto=webp&format=pjpg&width=320&height=400&fit=cover 320w,
/media/catalog/product/thumbnail.png?auto=webp&format=pjpg&width=640&height=800&fit=cover 640w,
/media/catalog/product/thumbnail.png?auto=webp&format=pjpg&width=960&height=1200&fit=cover 960w,
/media/catalog/product/thumbnail.png?auto=webp&format=pjpg&width=1280&height=1600&fit=cover 1280w,
/media/catalog/product/thumbnail.png?auto=webp&format=pjpg&width=1600&height=2000&fit=cover 1600w,
/media/catalog/product/thumbnail.png?auto=webp&format=pjpg&width=2560&height=3200&fit=cover 2560w"
            style={
              Object {
                "height": "auto",
                "width": "100%",
              }
            }
          />
        </div>
      </button>
    </div>
    <div
      className="col-3"
    >
      <button
        className=""
        onClick={[Function]}
      >
        <div
          className="undefined undefined"
        >
          <img
            alt="test-thumbnail2"
            className="undefined undefined"
            loading="eager"
            src="data:image/png;base64,iVBORw0KGgoAAAANSUhEUgAAAAQAAAAFCAQAAADIpIVQAAAADklEQVR42mNkgAJGIhgAALQABsHyMOcAAAAASUVORK5CYII="
            style={
              Object {
                "height": "auto",
                "width": "100%",
              }
            }
          />
          <img
            alt="test-thumbnail2"
            className="undefined undefined"
            loading="lazy"
            onError={[Function]}
            onLoad={[Function]}
            sizes=""
            src="/media/catalog/product/thumbnail2.png?auto=webp&format=pjpg&fit=cover"
            srcSet="/media/catalog/product/thumbnail2.png?auto=webp&format=pjpg&width=40&height=50&fit=cover 40w,
/media/catalog/product/thumbnail2.png?auto=webp&format=pjpg&width=80&height=100&fit=cover 80w,
/media/catalog/product/thumbnail2.png?auto=webp&format=pjpg&width=160&height=200&fit=cover 160w,
/media/catalog/product/thumbnail2.png?auto=webp&format=pjpg&width=320&height=400&fit=cover 320w,
/media/catalog/product/thumbnail2.png?auto=webp&format=pjpg&width=640&height=800&fit=cover 640w,
/media/catalog/product/thumbnail2.png?auto=webp&format=pjpg&width=960&height=1200&fit=cover 960w,
/media/catalog/product/thumbnail2.png?auto=webp&format=pjpg&width=1280&height=1600&fit=cover 1280w,
/media/catalog/product/thumbnail2.png?auto=webp&format=pjpg&width=1600&height=2000&fit=cover 1600w,
/media/catalog/product/thumbnail2.png?auto=webp&format=pjpg&width=2560&height=3200&fit=cover 2560w"
            style={
              Object {
                "height": "auto",
                "width": "100%",
              }
            }
          />
        </div>
      </button>
    </div>
    <div
      className="col-3"
    >
      <button
        className=""
        onClick={[Function]}
      >
        <div
          className="undefined undefined"
        >
          <img
            alt="test-thumbnail1"
            className="undefined undefined"
            loading="eager"
            src="data:image/png;base64,iVBORw0KGgoAAAANSUhEUgAAAAQAAAAFCAQAAADIpIVQAAAADklEQVR42mNkgAJGIhgAALQABsHyMOcAAAAASUVORK5CYII="
            style={
              Object {
                "height": "auto",
                "width": "100%",
              }
            }
          />
          <img
            alt="test-thumbnail1"
            className="undefined undefined"
            loading="lazy"
            onError={[Function]}
            onLoad={[Function]}
            sizes=""
            src="/media/catalog/product/thumbnail1.png?auto=webp&format=pjpg&fit=cover"
            srcSet="/media/catalog/product/thumbnail1.png?auto=webp&format=pjpg&width=40&height=50&fit=cover 40w,
/media/catalog/product/thumbnail1.png?auto=webp&format=pjpg&width=80&height=100&fit=cover 80w,
/media/catalog/product/thumbnail1.png?auto=webp&format=pjpg&width=160&height=200&fit=cover 160w,
/media/catalog/product/thumbnail1.png?auto=webp&format=pjpg&width=320&height=400&fit=cover 320w,
/media/catalog/product/thumbnail1.png?auto=webp&format=pjpg&width=640&height=800&fit=cover 640w,
/media/catalog/product/thumbnail1.png?auto=webp&format=pjpg&width=960&height=1200&fit=cover 960w,
/media/catalog/product/thumbnail1.png?auto=webp&format=pjpg&width=1280&height=1600&fit=cover 1280w,
/media/catalog/product/thumbnail1.png?auto=webp&format=pjpg&width=1600&height=2000&fit=cover 1600w,
/media/catalog/product/thumbnail1.png?auto=webp&format=pjpg&width=2560&height=3200&fit=cover 2560w"
            style={
              Object {
                "height": "auto",
                "width": "100%",
              }
            }
          />
        </div>
      </button>
    </div>
    <div
      className="col-3"
    >
      <button
        className=""
        onClick={[Function]}
      >
        <div
          className="undefined undefined"
        >
          <img
            alt="test-thumbnail3"
            className="undefined undefined"
            loading="eager"
            src="data:image/png;base64,iVBORw0KGgoAAAANSUhEUgAAAAQAAAAFCAQAAADIpIVQAAAADklEQVR42mNkgAJGIhgAALQABsHyMOcAAAAASUVORK5CYII="
            style={
              Object {
                "height": "auto",
                "width": "100%",
              }
            }
          />
          <img
            alt="test-thumbnail3"
            className="undefined undefined"
            loading="lazy"
            onError={[Function]}
            onLoad={[Function]}
            sizes=""
            src="/media/catalog/product/thumbnail3.png?auto=webp&format=pjpg&fit=cover"
            srcSet="/media/catalog/product/thumbnail3.png?auto=webp&format=pjpg&width=40&height=50&fit=cover 40w,
/media/catalog/product/thumbnail3.png?auto=webp&format=pjpg&width=80&height=100&fit=cover 80w,
/media/catalog/product/thumbnail3.png?auto=webp&format=pjpg&width=160&height=200&fit=cover 160w,
/media/catalog/product/thumbnail3.png?auto=webp&format=pjpg&width=320&height=400&fit=cover 320w,
/media/catalog/product/thumbnail3.png?auto=webp&format=pjpg&width=640&height=800&fit=cover 640w,
/media/catalog/product/thumbnail3.png?auto=webp&format=pjpg&width=960&height=1200&fit=cover 960w,
/media/catalog/product/thumbnail3.png?auto=webp&format=pjpg&width=1280&height=1600&fit=cover 1280w,
/media/catalog/product/thumbnail3.png?auto=webp&format=pjpg&width=1600&height=2000&fit=cover 1600w,
/media/catalog/product/thumbnail3.png?auto=webp&format=pjpg&width=2560&height=3200&fit=cover 2560w"
            style={
              Object {
                "height": "auto",
                "width": "100%",
              }
            }
          />
        </div>
      </button>
    </div>
    <div
      className="col-3"
    >
      <button
        className=""
        onClick={[Function]}
      >
        <div
          className="undefined undefined"
        >
          <img
            alt="test-thumbnail4"
            className="undefined undefined"
            loading="eager"
            src="data:image/png;base64,iVBORw0KGgoAAAANSUhEUgAAAAQAAAAFCAQAAADIpIVQAAAADklEQVR42mNkgAJGIhgAALQABsHyMOcAAAAASUVORK5CYII="
            style={
              Object {
                "height": "auto",
                "width": "100%",
              }
            }
          />
          <img
            alt="test-thumbnail4"
            className="undefined undefined"
            loading="lazy"
            onError={[Function]}
            onLoad={[Function]}
            sizes=""
            src="/media/catalog/product/thumbnail4.png?auto=webp&format=pjpg&fit=cover"
            srcSet="/media/catalog/product/thumbnail4.png?auto=webp&format=pjpg&width=40&height=50&fit=cover 40w,
/media/catalog/product/thumbnail4.png?auto=webp&format=pjpg&width=80&height=100&fit=cover 80w,
/media/catalog/product/thumbnail4.png?auto=webp&format=pjpg&width=160&height=200&fit=cover 160w,
/media/catalog/product/thumbnail4.png?auto=webp&format=pjpg&width=320&height=400&fit=cover 320w,
/media/catalog/product/thumbnail4.png?auto=webp&format=pjpg&width=640&height=800&fit=cover 640w,
/media/catalog/product/thumbnail4.png?auto=webp&format=pjpg&width=960&height=1200&fit=cover 960w,
/media/catalog/product/thumbnail4.png?auto=webp&format=pjpg&width=1280&height=1600&fit=cover 1280w,
/media/catalog/product/thumbnail4.png?auto=webp&format=pjpg&width=1600&height=2000&fit=cover 1600w,
/media/catalog/product/thumbnail4.png?auto=webp&format=pjpg&width=2560&height=3200&fit=cover 2560w"
            style={
              Object {
                "height": "auto",
                "width": "100%",
              }
            }
          />
        </div>
      </button>
    </div>
  </div>,
]
`;
